<?xml version="1.0" encoding="UTF-8" standalone="no"?>
<epp xmlns="urn:ietf:params:xml:ns:epp-1.0" xmlns:xsi="http://www.w3.org/2001/XMLSchema-instance" xsi:schemaLocation="urn:ietf:params:xml:ns:epp-1.0 epp-1.0.xsd">
  <command>
    <update>
      <domain:update xmlns:domain="urn:ietf:params:xml:ns:domain-1.0" xsi:schemaLocation="urn:ietf:params:xml:ns:domain-1.0 domain-1.0.xsd">
        <domain:name>example.com</domain:name>
        <domain:add>
          <domain:ns>
            <domain:hostAttr>
              <domain:hostName>ns1.example.com</domain:hostName>
              <domain:hostAddr ip="v4">192.168.1.1</domain:hostAddr>
            </domain:hostAttr>
            <domain:hostAttr>
              <domain:hostName>ns3.example.com</domain:hostName>
            </domain:hostAttr>
          </domain:ns>
        </domain:add>
        <domain:rem>
          <domain:ns>
            <domain:hostAttr>
              <domain:hostName>ns2.example.com</domain:hostName>
            </domain:hostAttr>
          </domain:ns>
        </domain:rem>
      </domain:update>
    </update>
  </command>
</epp>
